Running command: conda run -n simfire_env env RAY_memory_monitor_refresh_ms=0 python main.py --config-name train cli.data_dir=/home/hari/PycharmProjects/Simfire-Simulation/simharness_data checkpoint.checkpoint_frequency=1 stop_conditions.training_iteration=1 rollouts.num_rollout_workers=2 resources.num_gpus=1
/home/hari/miniconda3/envs/simfire_env/lib/python3.9/site-packages/pygame/pkgdata.py:25: UserWarning: pkg_resources is deprecated as an API. See https://setuptools.pypa.io/en/latest/pkg_resources.html. The pkg_resources package is slated for removal as early as 2025-11-30. Refrain from using this package or pin to Setuptools<81.
  from pkg_resources import resource_stream, resource_exists
/home/hari/miniconda3/envs/simfire_env/lib/python3.9/site-packages/pydantic/_internal/_config.py:386: UserWarning: Valid config keys have changed in V2:
* 'allow_mutation' has been removed
  warnings.warn(message, UserWarning)
Authorization required, but no authorization protocol specified

2026-09-22 00:02:25,775	INFO worker.py:1743 -- Started a local Ray instance. View the dashboard at [1m[32m127.0.0.1:8265 [39m[22m
/home/hari/miniconda3/envs/simfire_env/lib/python3.9/site-packages/gymnasium/spaces/box.py:130: UserWarning: [33mWARN: Box bound precision lowered by casting to float32[0m
  gym.logger.warn(f"Box bound precision lowered by casting to {self.dtype}")
/home/hari/miniconda3/envs/simfire_env/lib/python3.9/site-packages/gymnasium/utils/passive_env_checker.py:164: UserWarning: [33mWARN: The obs returned by the `reset()` method was expecting numpy array dtype to be float32, actual type: float64[0m
  logger.warn(
/home/hari/miniconda3/envs/simfire_env/lib/python3.9/site-packages/gymnasium/utils/passive_env_checker.py:188: UserWarning: [33mWARN: The obs returned by the `reset()` method is not within the observation space.[0m
  logger.warn(f"{pre} is not within the observation space.")
2026-09-22 00:02:26,739	WARNING deprecation.py:50 -- DeprecationWarning: `ignore_worker_failures is deprecated, and will soon be a no-op` has been deprecated. This will raise an error in the future!
2026-09-22 00:02:26,739	WARNING deprecation.py:50 -- DeprecationWarning: `AlgorithmConfig.rollouts(recreate_failed_workers=..)` has been deprecated. Use `AlgorithmConfig.fault_tolerance(recreate_failed_workers=..)` instead. This will raise an error in the future!
2026-09-22 00:02:26,739	WARNING deprecation.py:50 -- DeprecationWarning: `AlgorithmConfig.rollouts(restart_failed_sub_environments=..)` has been deprecated. Use `AlgorithmConfig.fault_tolerance(restart_failed_sub_environments=..)` instead. This will raise an error in the future!
/home/hari/miniconda3/envs/simfire_env/lib/python3.9/site-packages/ray/rllib/utils/from_config.py:197: RayDeprecationWarning: This API is deprecated and may be removed in future Ray releases. You could suppress this warning by setting env variable PYTHONWARNINGS="ignore::DeprecationWarning"
`UnifiedLogger` will be removed in Ray 2.7.
  object_ = constructor(*ctor_args, **ctor_kwargs)
/home/hari/miniconda3/envs/simfire_env/lib/python3.9/site-packages/ray/tune/logger/unified.py:53: RayDeprecationWarning: This API is deprecated and may be removed in future Ray releases. You could suppress this warning by setting env variable PYTHONWARNINGS="ignore::DeprecationWarning"
The `JsonLogger interface is deprecated in favor of the `ray.tune.json.JsonLoggerCallback` interface and will be removed in Ray 2.7.
  self._loggers.append(cls(self.config, self.logdir, self.trial))
/home/hari/miniconda3/envs/simfire_env/lib/python3.9/site-packages/ray/tune/logger/unified.py:53: RayDeprecationWarning: This API is deprecated and may be removed in future Ray releases. You could suppress this warning by setting env variable PYTHONWARNINGS="ignore::DeprecationWarning"
The `CSVLogger interface is deprecated in favor of the `ray.tune.csv.CSVLoggerCallback` interface and will be removed in Ray 2.7.
  self._loggers.append(cls(self.config, self.logdir, self.trial))
/home/hari/miniconda3/envs/simfire_env/lib/python3.9/site-packages/ray/tune/logger/unified.py:53: RayDeprecationWarning: This API is deprecated and may be removed in future Ray releases. You could suppress this warning by setting env variable PYTHONWARNINGS="ignore::DeprecationWarning"
The `TBXLogger interface is deprecated in favor of the `ray.tune.tensorboardx.TBXLoggerCallback` interface and will be removed in Ray 2.7.
  self._loggers.append(cls(self.config, self.logdir, self.trial))
[36m(RolloutWorker pid=1095)[0m /home/hari/miniconda3/envs/simfire_env/lib/python3.9/site-packages/pygame/pkgdata.py:25: UserWarning: pkg_resources is deprecated as an API. See https://setuptools.pypa.io/en/latest/pkg_resources.html. The pkg_resources package is slated for removal as early as 2025-11-30. Refrain from using this package or pin to Setuptools<81.
[36m(RolloutWorker pid=1095)[0m   from pkg_resources import resource_stream, resource_exists
[36m(RolloutWorker pid=1095)[0m /home/hari/miniconda3/envs/simfire_env/lib/python3.9/site-packages/pydantic/_internal/_config.py:386: UserWarning: Valid config keys have changed in V2:
[36m(RolloutWorker pid=1095)[0m * 'allow_mutation' has been removed
[36m(RolloutWorker pid=1095)[0m   warnings.warn(message, UserWarning)
[36m(RolloutWorker pid=1095)[0m Authorization required, but no authorization protocol specified
[36m(RolloutWorker pid=1095)[0m 
[36m(RolloutWorker pid=1095)[0m /home/hari/miniconda3/envs/simfire_env/lib/python3.9/site-packages/gymnasium/spaces/box.py:130: UserWarning: [33mWARN: Box bound precision lowered by casting to float32[0m
[36m(RolloutWorker pid=1095)[0m   gym.logger.warn(f"Box bound precision lowered by casting to {self.dtype}")
[36m(RolloutWorker pid=1095)[0m 2026-09-22 00:02:30,645	INFO policy.py:1272 -- Policy (worker=2) running on CPU.
[36m(RolloutWorker pid=1095)[0m 2026-09-22 00:02:30,645	INFO torch_policy_v2.py:111 -- Found 0 visible cuda devices.
[36m(RolloutWorker pid=1094)[0m 2026-09-22 00:02:30,590	WARNING env.py:162 -- Your env doesn't have a .spec.max_episode_steps attribute. Your horizon will default to infinity, and your environment will not be reset.
2026-09-22 00:02:31,537	INFO worker_set.py:323 -- Inferred observation/action spaces from remote worker (local worker has no env): {'default_policy': (Box(0.0, 1.0, (32, 32, 6), float32), Discrete(15)), '__env__': (Box(0.0, 1.0, (32, 32, 6), float32), Discrete(15))}
2026-09-22 00:02:31,581	INFO policy.py:1272 -- Policy (worker=local) running on 1 GPUs.
2026-09-22 00:02:31,581	INFO torch_policy_v2.py:111 -- Found 1 visible cuda devices.
[36m(RolloutWorker pid=1095)[0m 2026-09-22 00:02:31,529	INFO util.py:118 -- Using connectors:
[36m(RolloutWorker pid=1095)[0m 2026-09-22 00:02:31,530	INFO util.py:119 --     AgentConnectorPipeline
[36m(RolloutWorker pid=1095)[0m         ObsPreprocessorConnector
[36m(RolloutWorker pid=1095)[0m         StateBufferConnector
[36m(RolloutWorker pid=1095)[0m         ViewRequirementAgentConnector
[36m(RolloutWorker pid=1095)[0m 2026-09-22 00:02:31,530	INFO util.py:120 --     ActionConnectorPipeline
[36m(RolloutWorker pid=1095)[0m         ConvertToNumpyConnector
[36m(RolloutWorker pid=1095)[0m         NormalizeActionsConnector
[36m(RolloutWorker pid=1095)[0m         ImmutableActionsConnector
2026-09-22 00:02:33,353	INFO util.py:118 -- Using connectors:
2026-09-22 00:02:33,353	INFO util.py:119 --     AgentConnectorPipeline
        ObsPreprocessorConnector
        StateBufferConnector
        ViewRequirementAgentConnector
2026-09-22 00:02:33,353	INFO util.py:120 --     ActionConnectorPipeline
        ConvertToNumpyConnector
        NormalizeActionsConnector
        ImmutableActionsConnector
2026-09-22 00:02:33,353	INFO rollout_worker.py:1758 -- Built policy map: <PolicyMap lru-caching-capacity=100 policy-IDs=['default_policy']>
2026-09-22 00:02:33,353	INFO rollout_worker.py:1759 -- Built preprocessor map: {'default_policy': None}
2026-09-22 00:02:33,354	INFO rollout_worker.py:560 -- Built filter map: defaultdict(<class 'ray.rllib.utils.filter.NoFilter'>, {})
[36m(RolloutWorker pid=1327)[0m /home/hari/miniconda3/envs/simfire_env/lib/python3.9/site-packages/pygame/pkgdata.py:25: UserWarning: pkg_resources is deprecated as an API. See https://setuptools.pypa.io/en/latest/pkg_resources.html. The pkg_resources package is slated for removal as early as 2025-11-30. Refrain from using this package or pin to Setuptools<81.[32m [repeated 2x across cluster] (Ray deduplicates logs by default. Set RAY_DEDUP_LOGS=0 to disable log deduplication, or see https://docs.ray.io/en/master/ray-observability/ray-logging.html#log-deduplication for more options.)[0m
[36m(RolloutWorker pid=1327)[0m   from pkg_resources import resource_stream, resource_exists[32m [repeated 2x across cluster][0m
[36m(RolloutWorker pid=1094)[0m /home/hari/miniconda3/envs/simfire_env/lib/python3.9/site-packages/pydantic/_internal/_config.py:386: UserWarning: Valid config keys have changed in V2:
[36m(RolloutWorker pid=1094)[0m * 'allow_mutation' has been removed
[36m(RolloutWorker pid=1094)[0m   warnings.warn(message, UserWarning)
[36m(RolloutWorker pid=1094)[0m Authorization required, but no authorization protocol specified
[36m(RolloutWorker pid=1094)[0m 
[36m(RolloutWorker pid=1094)[0m /home/hari/miniconda3/envs/simfire_env/lib/python3.9/site-packages/gymnasium/spaces/box.py:130: UserWarning: [33mWARN: Box bound precision lowered by casting to float32[0m
[36m(RolloutWorker pid=1094)[0m   gym.logger.warn(f"Box bound precision lowered by casting to {self.dtype}")
[36m(RolloutWorker pid=1094)[0m 2026-09-22 00:02:30,649	INFO policy.py:1272 -- Policy (worker=1) running on CPU.
[36m(RolloutWorker pid=1094)[0m 2026-09-22 00:02:30,650	INFO torch_policy_v2.py:111 -- Found 0 visible cuda devices.
[36m(RolloutWorker pid=1327)[0m /home/hari/miniconda3/envs/simfire_env/lib/python3.9/site-packages/pydantic/_internal/_config.py:386: UserWarning: Valid config keys have changed in V2:
[36m(RolloutWorker pid=1327)[0m * 'allow_mutation' has been removed
[36m(RolloutWorker pid=1327)[0m   warnings.warn(message, UserWarning)
[36m(RolloutWorker pid=1327)[0m Authorization required, but no authorization protocol specified
[36m(RolloutWorker pid=1327)[0m 
[36m(RolloutWorker pid=1094)[0m 2026-09-22 00:02:31,529	INFO util.py:118 -- Using connectors:
[36m(RolloutWorker pid=1094)[0m 2026-09-22 00:02:31,529	INFO util.py:119 --     AgentConnectorPipeline
[36m(RolloutWorker pid=1094)[0m         ObsPreprocessorConnector
[36m(RolloutWorker pid=1094)[0m         StateBufferConnector
[36m(RolloutWorker pid=1094)[0m         ViewRequirementAgentConnector
[36m(RolloutWorker pid=1094)[0m 2026-09-22 00:02:31,529	INFO util.py:120 --     ActionConnectorPipeline
[36m(RolloutWorker pid=1094)[0m         ConvertToNumpyConnector
[36m(RolloutWorker pid=1094)[0m         NormalizeActionsConnector
[36m(RolloutWorker pid=1094)[0m         ImmutableActionsConnector
[36m(RolloutWorker pid=1327)[0m /home/hari/miniconda3/envs/simfire_env/lib/python3.9/site-packages/gymnasium/spaces/box.py:130: UserWarning: [33mWARN: Box bound precision lowered by casting to float32[0m
[36m(RolloutWorker pid=1327)[0m   gym.logger.warn(f"Box bound precision lowered by casting to {self.dtype}")
[36m(RolloutWorker pid=1327)[0m 2026-09-22 00:02:37,028	WARNING env.py:162 -- Your env doesn't have a .spec.max_episode_steps attribute. Your horizon will default to infinity, and your environment will not be reset.
[36m(RolloutWorker pid=1327)[0m 2026-09-22 00:02:37,078	INFO policy.py:1272 -- Policy (worker=1) running on CPU.
[36m(RolloutWorker pid=1327)[0m 2026-09-22 00:02:37,078	INFO torch_policy_v2.py:111 -- Found 0 visible cuda devices.
[36m(RolloutWorker pid=1327)[0m 2026-09-22 00:02:37,910	INFO util.py:118 -- Using connectors:
[36m(RolloutWorker pid=1327)[0m 2026-09-22 00:02:37,910	INFO util.py:119 --     AgentConnectorPipeline
[36m(RolloutWorker pid=1327)[0m         ObsPreprocessorConnector
[36m(RolloutWorker pid=1327)[0m         StateBufferConnector
[36m(RolloutWorker pid=1327)[0m         ViewRequirementAgentConnector
[36m(RolloutWorker pid=1327)[0m 2026-09-22 00:02:37,910	INFO util.py:120 --     ActionConnectorPipeline
[36m(RolloutWorker pid=1327)[0m         ConvertToNumpyConnector
[36m(RolloutWorker pid=1327)[0m         NormalizeActionsConnector
[36m(RolloutWorker pid=1327)[0m         ImmutableActionsConnector
2026-09-22 00:02:37,917	INFO worker_set.py:323 -- Inferred observation/action spaces from remote worker (local worker has no env): {'default_policy': (Box(0.0, 1.0, (32, 32, 6), float32), Discrete(15)), '__env__': (Box(0.0, 1.0, (32, 32, 6), float32), Discrete(15))}
2026-09-22 00:02:37,933	INFO policy.py:1272 -- Policy (worker=local) running on 1 GPUs.
2026-09-22 00:02:37,933	INFO torch_policy_v2.py:111 -- Found 1 visible cuda devices.
2026-09-22 00:02:37,944	INFO util.py:118 -- Using connectors:
2026-09-22 00:02:37,944	INFO util.py:119 --     AgentConnectorPipeline
        ObsPreprocessorConnector
        StateBufferConnector
        ViewRequirementAgentConnector
2026-09-22 00:02:37,944	INFO util.py:120 --     ActionConnectorPipeline
        ConvertToNumpyConnector
        NormalizeActionsConnector
        ImmutableActionsConnector
2026-09-22 00:02:37,944	INFO rollout_worker.py:1758 -- Built policy map: <PolicyMap lru-caching-capacity=100 policy-IDs=['default_policy']>
2026-09-22 00:02:37,944	INFO rollout_worker.py:1759 -- Built preprocessor map: {'default_policy': None}
2026-09-22 00:02:37,944	INFO rollout_worker.py:560 -- Built filter map: defaultdict(<class 'ray.rllib.utils.filter.NoFilter'>, {})
2026-09-22 00:02:37,944	INFO trainable.py:164 -- Trainable.setup took 11.190 seconds. If your trainable is slow to initialize, consider setting reuse_actors=True to reduce actor creation overheads.
2026-09-22 00:02:37,945	WARNING util.py:62 -- Install gputil for GPU system monitoring.
[36m(RolloutWorker pid=1094)[0m 2026-09-22 00:02:37,946	INFO rollout_worker.py:688 -- Generating sample batch of size 500
[36m(RolloutWorker pid=1094)[0m 2026-09-22 00:02:38,524	INFO harness_analytics.py:230 -- Episode 1: BestEpisodePerformance(max_unburned=990, sim_area=1024, num_sim_steps=13, episode=1, reward=-0.25)
[36m(RolloutWorker pid=1094)[0m 2026-09-22 00:02:40,716	INFO rollout_worker.py:730 -- Completed sample batch:
[36m(RolloutWorker pid=1094)[0m { 'count': 500,
[36m(RolloutWorker pid=1094)[0m   'policy_batches': { 'default_policy': { 'action_dist_inputs': np.ndarray((500, 15), dtype=float32, min=-0.203, max=0.303, mean=0.079),
[36m(RolloutWorker pid=1094)[0m                                           'action_logp': np.ndarray((500,), dtype=float32, min=0.0, max=0.0, mean=0.0),
[36m(RolloutWorker pid=1094)[0m                                           'actions': np.ndarray((500,), dtype=int32, min=0.0, max=14.0, mean=7.266),
[36m(RolloutWorker pid=1094)[0m                                           'advantages': np.ndarray((500,), dtype=float32, min=-5.553, max=-0.201, mean=-2.741),
[36m(RolloutWorker pid=1094)[0m                                           'agent_index': np.ndarray((500,), dtype=int64, min=0.0, max=0.0, mean=0.0),
[36m(RolloutWorker pid=1094)[0m                                           'eps_id': np.ndarray((500,), dtype=int64, min=4.940563412385997e+16, max=9.249455293805985e+17, mean=4.402522282746897e+17),
[36m(RolloutWorker pid=1094)[0m                                           'infos': np.ndarray((500,), dtype=object, head={}),
[36m(RolloutWorker pid=1094)[0m                                           'new_obs': np.ndarray((500, 32, 32, 6), dtype=float32, min=0.0, max=1.0, mean=0.66),
[36m(RolloutWorker pid=1094)[0m                                           'obs': np.ndarray((500, 32, 32, 6), dtype=float32, min=0.0, max=1.0, mean=0.66),
[36m(RolloutWorker pid=1094)[0m                                           'rewards': np.ndarray((500,), dtype=float32, min=-2.0, max=0.0, mean=-0.074),
[36m(RolloutWorker pid=1094)[0m                                           't': np.ndarray((500,), dtype=int64, min=0.0, max=108.0, mean=51.12),
[36m(RolloutWorker pid=1094)[0m                                           'terminateds': np.ndarray((500,), dtype=bool, min=0.0, max=1.0, mean=0.008),
[36m(RolloutWorker pid=1094)[0m                                           'truncateds': np.ndarray((500,), dtype=bool, min=0.0, max=0.0, mean=0.0),
[36m(RolloutWorker pid=1094)[0m                                           'unroll_id': np.ndarray((500,), dtype=int64, min=1.0, max=9.0, mean=4.64),
[36m(RolloutWorker pid=1094)[0m                                           'value_targets': np.ndarray((500,), dtype=float32, min=-5.592, max=-0.232, mean=-2.777),
[36m(RolloutWorker pid=1094)[0m                                           'values_bootstrapped': np.ndarray((500,), dtype=float32, min=-0.045, max=0.0, mean=-0.036),
[36m(RolloutWorker pid=1094)[0m                                           'vf_preds': np.ndarray((500,), dtype=float32, min=-0.045, max=-0.022, mean=-0.037)}},
[36m(RolloutWorker pid=1094)[0m   'type': 'MultiAgentBatch'}
2026-09-22 00:02:40,816	WARNING deprecation.py:50 -- DeprecationWarning: `ray.rllib.execution.train_ops.multi_gpu_train_one_step` has been deprecated. This will raise an error in the future!
[36m(RolloutWorker pid=1094)[0m [32m [repeated 2x across cluster][0m
[36m(RolloutWorker pid=1094)[0m 2026-09-22 00:02:40,310	INFO harness_analytics.py:230 -- Episode 4: BestEpisodePerformance(max_unburned=994, sim_area=1024, num_sim_steps=13, episode=3, reward=-0.5)[32m [repeated 7x across cluster][0m
2026-09-22 00:02:26,632	INFO main.py:313 -- Configuration files for this job can be found at /home/hari/PycharmProjects/Simfire-Simulation/simharness_data/simharness/experiments/2026-09-22_00-02-23/hydra_output.
2026-09-22 00:02:26,636	INFO main.py:206 -- Instantiating environment settings (with partial conversion)...
2026-09-22 00:02:26,667	INFO main.py:208 -- Instantiating evaluation settings (with partial conversion)...
[36m(RolloutWorker pid=1095)[0m [09/22/2026 12:02:30 AM] INFO     Harness in evaluation mode:      harness.py:50
[36m(RolloutWorker pid=1095)[0m                                   False                                         
[36m(RolloutWorker pid=1327)[0m [09/22/2026 12:02:36 AM] INFO     Harness in evaluation mode: True harness.py:50
[36m(RolloutWorker pid=1094)[0m [09/22/2026 12:02:30 AM] INFO     Harness in evaluation mode:      harness.py:50
[36m(RolloutWorker pid=1094)[0m                                   False                                         
2026-09-22 00:02:37,945	INFO main.py:329 -- Training model on simharness2.environments.DamageAwareReactiveHarness.
2026-09-22 00:02:37,945	INFO main.py:154 -- Training iteration 0.
2026-09-22 00:02:44,066	INFO main.py:162 -- An Algorithm checkpoint has been created inside directory: '/home/hari/PycharmProjects/Simfire-Simulation/simharness_data/simharness/experiments/2026-09-22_00-02-23/checkpoints/checkpoint_0'.
2026-09-22 00:02:44,087	INFO main.py:178 -- The final model has been saved inside directory: /home/hari/PycharmProjects/Simfire-Simulation/simharness_data/simharness/experiments/2026-09-22_00-02-23/checkpoints/checkpoint_0.
